../Core/Src/main.c:95:5:main	8	static
../Core/Src/main.c:168:6:SystemClock_Config	88	static
../Core/Src/main.c:209:13:MX_FDCAN2_Init	8	static
../Core/Src/main.c:252:13:MX_USART1_UART_Init	8	static
../Core/Src/main.c:300:13:MX_GPIO_Init	16	static
../Core/Src/main.c:316:13:FDCAN_Config	32	static
../Core/Src/main.c:355:6:HAL_FDCAN_RxFifo0Callback	16	static
../Core/Src/main.c:393:6:Run_Balancing	56	static
../Core/Src/main.c:470:6:Serial_Print	284	static
../Core/Src/main.c:496:6:Error_Handler	4	static,ignoring_inline_asm
