../Core/Src/main.c:95:5:main	8	static
../Core/Src/main.c:170:6:SystemClock_Config	88	static
../Core/Src/main.c:211:13:MX_FDCAN2_Init	8	static
../Core/Src/main.c:254:13:MX_USART1_UART_Init	8	static
../Core/Src/main.c:302:13:MX_GPIO_Init	40	static
../Core/Src/main.c:326:13:FDCAN_Config	32	static
../Core/Src/main.c:365:6:HAL_FDCAN_RxFifo0Callback	16	static
../Core/Src/main.c:403:6:Run_Balancing	56	static
../Core/Src/main.c:480:6:Serial_Print	284	static
../Core/Src/main.c:506:6:Error_Handler	4	static,ignoring_inline_asm
